pin.h:8:2:pin::pin(GPIO_TypeDef*, uint16_t)	24	static
pin.h:13:13:const void pin::setLow()	16	static
pin.h:14:13:const void pin::setHigh()	16	static
gthr-default.h:229:1:int __gthread_key_delete(__gthread_key_t)	16	static
LIS3DH.h:11:2:LIS3DH::LIS3DH(pin)	32	static
LIS3DH.h:17:15:const int8_t LIS3DH::getX()	16	static
LIS3DH.h:21:15:const int8_t LIS3DH::getY()	16	static
LIS3DH.h:29:16:const uint8_t LIS3DH::read(uint8_t)	24	static
array:175:7:constexpr std::array<_Tp, _Nm>::size_type std::array<_Tp, _Nm>::size() const [with _Tp = unsigned char; unsigned int _Nm = 2]	16	static
LIS3DH.h:45:7:void LIS3DH::write(std::array<unsigned char, 2>)	24	static
cmath:144:3:constexpr float std::atan2(float, float)	16	static
cmath:260:3:constexpr float std::floor(float)	16	static
run.cpp:8:17:constexpr float calculateAngle(int8_t, int8_t)	32	static
run.cpp:15:19:constexpr uint8_t angleToLed(float)	16	static
run.cpp:19:6:void run()	216	static
array:234:7:std::array<_Tp, _Nm>::value_type* std::array<_Tp, _Nm>::data() [with _Tp = unsigned char; unsigned int _Nm = 2]	16	static
array:59:7:static constexpr _Tp* std::__array_traits<_Tp, _Nm>::_S_ptr(const _Tp (&)[_Nm]) [with _Tp = unsigned char; unsigned int _Nm = 2]	16	static
