pin.h:8:2:pin::pin(GPIO_TypeDef*, uint16_t)	24	static
pin.h:10:13:const void pin::setLow()	16	static
pin.h:11:13:const void pin::setHigh()	16	static
gthr-default.h:229:1:int __gthread_key_delete(__gthread_key_t)	16	static
LIS3DH.h:11:2:LIS3DH::LIS3DH()	24	static
LIS3DH.h:20:7:void LIS3DH::read(uint8_t*, uint8_t*, size_t)	24	static
array:175:7:constexpr std::array<_Tp, _Nm>::size_type std::array<_Tp, _Nm>::size() const [with _Tp = unsigned char; unsigned int _Nm = 2]	16	static
LIS3DH.h:34:7:void LIS3DH::write(std::array<unsigned char, 2>)	24	static
cmath:125:3:constexpr float std::atan(float)	16	static
run.cpp:5:6:void run()	216	static
array:234:7:std::array<_Tp, _Nm>::value_type* std::array<_Tp, _Nm>::data() [with _Tp = unsigned char; unsigned int _Nm = 2]	16	static
cmath:272:5:constexpr typename __gnu_cxx::__enable_if<std::__is_integer<_Tp>::__value, double>::__type std::floor(_Tp) [with _Tp = int]	24	static
array:59:7:static constexpr _Tp* std::__array_traits<_Tp, _Nm>::_S_ptr(const _Tp (&)[_Nm]) [with _Tp = unsigned char; unsigned int _Nm = 2]	16	static
